[0.951s] DEBUG:colcon:Command line arguments: ['/usr/bin/colcon', 'build']
[0.952s] DEBUG:colcon:Parsed command line arguments: Namespace(log_base=None, log_level=None, verb_name='build', build_base='build', install_base='install', merge_install=False, symlink_install=False, test_result_base=None, continue_on_error=False, executor='parallel', parallel_workers=6, event_handlers=None, ignore_user_meta=False, metas=['./colcon.meta'], base_paths=['.'], packages_ignore=None, packages_ignore_regex=None, paths=None, packages_up_to=None, packages_up_to_regex=None, packages_above=None, packages_above_and_dependencies=None, packages_above_depth=None, packages_select_by_dep=None, packages_skip_by_dep=None, packages_skip_up_to=None, packages_select_build_failed=False, packages_skip_build_finished=False, packages_select_test_failures=False, packages_skip_test_passed=False, packages_select=None, packages_skip=None, packages_select_regex=None, packages_skip_regex=None, packages_start=None, packages_end=None, allow_overriding=[], cmake_args=None, cmake_target=None, cmake_target_skip_unavailable=False, cmake_clean_cache=False, cmake_clean_first=False, cmake_force_configure=False, ament_cmake_args=None, catkin_cmake_args=None, catkin_skip_building_tests=False, verb_parser=<colcon_defaults.argument_parser.defaults.DefaultArgumentsDecorator object at 0xffff9c3f0760>, verb_extension=<colcon_core.verb.build.BuildVerb object at 0xffff9c3f0190>, main=<bound method BuildVerb.main of <colcon_core.verb.build.BuildVerb object at 0xffff9c3f0190>>)
[1.901s] Level 1:colcon.colcon_core.package_discovery:discover_packages(colcon_meta) check parameters
[1.901s] Level 1:colcon.colcon_core.package_discovery:discover_packages(recursive) check parameters
[1.902s] Level 1:colcon.colcon_core.package_discovery:discover_packages(ignore) check parameters
[1.902s] Level 1:colcon.colcon_core.package_discovery:discover_packages(path) check parameters
[1.902s] Level 1:colcon.colcon_core.package_discovery:discover_packages(colcon_meta) discover
[1.902s] Level 1:colcon.colcon_core.package_discovery:discover_packages(recursive) discover
[1.902s] INFO:colcon.colcon_core.package_discovery:Crawling recursively for packages in '/home/urcucla/Documents/URC2526-Programming/JetsonNanoCode/ros2_ws'
[1.903s] Level 1:colcon.colcon_core.package_identification:_identify(.) by extensions ['ignore', 'ignore_ament_install']
[1.904s] Level 1:colcon.colcon_core.package_identification:_identify(.) by extension 'ignore'
[1.905s] Level 1:colcon.colcon_core.package_identification:_identify(.) by extension 'ignore_ament_install'
[1.905s] Level 1:colcon.colcon_core.package_identification:_identify(.) by extensions ['colcon_pkg']
[1.905s] Level 1:colcon.colcon_core.package_identification:_identify(.) by extension 'colcon_pkg'
[1.905s] Level 1:colcon.colcon_core.package_identification:_identify(.) by extensions ['colcon_meta']
[1.905s] Level 1:colcon.colcon_core.package_identification:_identify(.) by extension 'colcon_meta'
[1.906s] Level 1:colcon.colcon_core.package_identification:_identify(.) by extensions ['ros']
[1.906s] Level 1:colcon.colcon_core.package_identification:_identify(.) by extension 'ros'
[1.957s] Level 1:colcon.colcon_core.package_identification:_identify(.) by extensions ['cmake', 'python']
[1.957s] Level 1:colcon.colcon_core.package_identification:_identify(.) by extension 'cmake'
[1.958s] Level 1:colcon.colcon_core.package_identification:_identify(.) by extension 'python'
[1.958s] Level 1:colcon.colcon_core.package_identification:_identify(.) by extensions ['python_setup_py']
[1.958s] Level 1:colcon.colcon_core.package_identification:_identify(.) by extension 'python_setup_py'
[1.958s] Level 1:colcon.colcon_core.package_identification:_identify(build) by extensions ['ignore', 'ignore_ament_install']
[1.959s] Level 1:colcon.colcon_core.package_identification:_identify(build) by extension 'ignore'
[1.959s] Level 1:colcon.colcon_core.package_identification:_identify(build) ignored
[1.959s] Level 1:colcon.colcon_core.package_identification:_identify(install) by extensions ['ignore', 'ignore_ament_install']
[1.959s] Level 1:colcon.colcon_core.package_identification:_identify(install) by extension 'ignore'
[1.960s] Level 1:colcon.colcon_core.package_identification:_identify(install) ignored
[1.960s] Level 1:colcon.colcon_core.package_identification:_identify(log) by extensions ['ignore', 'ignore_ament_install']
[1.960s] Level 1:colcon.colcon_core.package_identification:_identify(log) by extension 'ignore'
[1.960s] Level 1:colcon.colcon_core.package_identification:_identify(log) ignored
[1.960s] Level 1:colcon.colcon_core.package_identification:_identify(src) by extensions ['ignore', 'ignore_ament_install']
[1.961s] Level 1:colcon.colcon_core.package_identification:_identify(src) by extension 'ignore'
[1.961s] Level 1:colcon.colcon_core.package_identification:_identify(src) by extension 'ignore_ament_install'
[1.961s] Level 1:colcon.colcon_core.package_identification:_identify(src) by extensions ['colcon_pkg']
[1.961s] Level 1:colcon.colcon_core.package_identification:_identify(src) by extension 'colcon_pkg'
[1.961s] Level 1:colcon.colcon_core.package_identification:_identify(src) by extensions ['colcon_meta']
[1.961s] Level 1:colcon.colcon_core.package_identification:_identify(src) by extension 'colcon_meta'
[1.962s] Level 1:colcon.colcon_core.package_identification:_identify(src) by extensions ['ros']
[1.962s] Level 1:colcon.colcon_core.package_identification:_identify(src) by extension 'ros'
[1.962s] Level 1:colcon.colcon_core.package_identification:_identify(src) by extensions ['cmake', 'python']
[1.962s] Level 1:colcon.colcon_core.package_identification:_identify(src) by extension 'cmake'
[1.962s] Level 1:colcon.colcon_core.package_identification:_identify(src) by extension 'python'
[1.962s] Level 1:colcon.colcon_core.package_identification:_identify(src) by extensions ['python_setup_py']
[1.962s] Level 1:colcon.colcon_core.package_identification:_identify(src) by extension 'python_setup_py'
[1.963s] Level 1:colcon.colcon_core.package_identification:_identify(src/rover) by extensions ['ignore', 'ignore_ament_install']
[1.963s] Level 1:colcon.colcon_core.package_identification:_identify(src/rover) by extension 'ignore'
[1.963s] Level 1:colcon.colcon_core.package_identification:_identify(src/rover) by extension 'ignore_ament_install'
[1.963s] Level 1:colcon.colcon_core.package_identification:_identify(src/rover) by extensions ['colcon_pkg']
[1.963s] Level 1:colcon.colcon_core.package_identification:_identify(src/rover) by extension 'colcon_pkg'
[1.963s] Level 1:colcon.colcon_core.package_identification:_identify(src/rover) by extensions ['colcon_meta']
[1.963s] Level 1:colcon.colcon_core.package_identification:_identify(src/rover) by extension 'colcon_meta'
[1.963s] Level 1:colcon.colcon_core.package_identification:_identify(src/rover) by extensions ['ros']
[1.964s] Level 1:colcon.colcon_core.package_identification:_identify(src/rover) by extension 'ros'
[1.979s] DEBUG:colcon.colcon_core.package_identification:Package 'src/rover' with type 'ros.ament_python' and name 'rover'
[1.979s] Level 1:colcon.colcon_core.package_discovery:discover_packages(recursive) using defaults
[1.979s] Level 1:colcon.colcon_core.package_discovery:discover_packages(ignore) discover
[1.980s] Level 1:colcon.colcon_core.package_discovery:discover_packages(ignore) using defaults
[1.980s] Level 1:colcon.colcon_core.package_discovery:discover_packages(path) discover
[1.980s] Level 1:colcon.colcon_core.package_discovery:discover_packages(path) using defaults
[2.133s] Level 1:colcon.colcon_core.package_discovery:discover_packages(prefix_path) check parameters
[2.134s] Level 1:colcon.colcon_core.package_discovery:discover_packages(prefix_path) discover
[2.142s] DEBUG:colcon.colcon_installed_package_information.package_discovery:Found 1 installed packages in /home/urcucla/Documents/URC2526-Programming/JetsonNanoCode/ros2_ws/install
[2.147s] DEBUG:colcon.colcon_installed_package_information.package_discovery:Found 431 installed packages in /opt/ros/humble
[2.152s] Level 1:colcon.colcon_core.package_discovery:discover_packages(prefix_path) using defaults
[2.302s] Level 5:colcon.colcon_core.verb:set package 'rover' build argument 'cmake_args' from command line to 'None'
[2.302s] Level 5:colcon.colcon_core.verb:set package 'rover' build argument 'cmake_target' from command line to 'None'
[2.303s] Level 5:colcon.colcon_core.verb:set package 'rover' build argument 'cmake_target_skip_unavailable' from command line to 'False'
[2.303s] Level 5:colcon.colcon_core.verb:set package 'rover' build argument 'cmake_clean_cache' from command line to 'False'
[2.303s] Level 5:colcon.colcon_core.verb:set package 'rover' build argument 'cmake_clean_first' from command line to 'False'
[2.303s] Level 5:colcon.colcon_core.verb:set package 'rover' build argument 'cmake_force_configure' from command line to 'False'
[2.303s] Level 5:colcon.colcon_core.verb:set package 'rover' build argument 'ament_cmake_args' from command line to 'None'
[2.303s] Level 5:colcon.colcon_core.verb:set package 'rover' build argument 'catkin_cmake_args' from command line to 'None'
[2.303s] Level 5:colcon.colcon_core.verb:set package 'rover' build argument 'catkin_skip_building_tests' from command line to 'False'
[2.303s] DEBUG:colcon.colcon_core.verb:Building package 'rover' with the following arguments: {'ament_cmake_args': None, 'build_base': '/home/urcucla/Documents/URC2526-Programming/JetsonNanoCode/ros2_ws/build/rover', 'catkin_cmake_args': None, 'catkin_skip_building_tests': False, 'cmake_args': None, 'cmake_clean_cache': False, 'cmake_clean_first': False, 'cmake_force_configure': False, 'cmake_target': None, 'cmake_target_skip_unavailable': False, 'install_base': '/home/urcucla/Documents/URC2526-Programming/JetsonNanoCode/ros2_ws/install/rover', 'merge_install': False, 'path': '/home/urcucla/Documents/URC2526-Programming/JetsonNanoCode/ros2_ws/src/rover', 'symlink_install': False, 'test_result_base': None}
[2.304s] INFO:colcon.colcon_core.executor:Executing jobs using 'parallel' executor
[2.307s] DEBUG:colcon.colcon_parallel_executor.executor.parallel:run_until_complete
[2.307s] INFO:colcon.colcon_ros.task.ament_python.build:Building ROS package in '/home/urcucla/Documents/URC2526-Programming/JetsonNanoCode/ros2_ws/src/rover' with build type 'ament_python'
[2.308s] Level 1:colcon.colcon_core.shell:create_environment_hook('rover', 'ament_prefix_path')
[2.328s] INFO:colcon.colcon_core.plugin_system:Skipping extension 'colcon_core.shell.bat': Not used on non-Windows systems
[2.328s] INFO:colcon.colcon_core.shell:Creating environment hook '/home/urcucla/Documents/URC2526-Programming/JetsonNanoCode/ros2_ws/install/rover/share/rover/hook/ament_prefix_path.ps1'
[2.332s] INFO:colcon.colcon_core.shell:Creating environment descriptor '/home/urcucla/Documents/URC2526-Programming/JetsonNanoCode/ros2_ws/install/rover/share/rover/hook/ament_prefix_path.dsv'
[2.334s] INFO:colcon.colcon_core.shell:Creating environment hook '/home/urcucla/Documents/URC2526-Programming/JetsonNanoCode/ros2_ws/install/rover/share/rover/hook/ament_prefix_path.sh'
[2.337s] INFO:colcon.colcon_core.shell:Skip shell extension 'powershell' for command environment: Not usable outside of PowerShell
[2.337s] DEBUG:colcon.colcon_core.shell:Skip shell extension 'dsv' for command environment
[3.046s] INFO:colcon.colcon_core.task.python.build:Building Python package in '/home/urcucla/Documents/URC2526-Programming/JetsonNanoCode/ros2_ws/src/rover'
[3.048s] INFO:colcon.colcon_core.shell:Skip shell extension 'powershell' for command environment: Not usable outside of PowerShell
[3.048s] DEBUG:colcon.colcon_core.shell:Skip shell extension 'dsv' for command environment
[4.434s] DEBUG:colcon.colcon_core.event_handler.log_command:Invoking command in '/home/urcucla/Documents/URC2526-Programming/JetsonNanoCode/ros2_ws/src/rover': PYTHONPATH=/home/urcucla/Documents/URC2526-Programming/JetsonNanoCode/ros2_ws/build/rover/prefix_override:/usr/lib/python3/dist-packages/colcon_core/task/python/colcon_distutils_commands:/home/urcucla/Documents/URC2526-Programming/JetsonNanoCode/ros2_ws/install/rover/lib/python3.10/site-packages:${PYTHONPATH} /usr/bin/python3 -W ignore:setup.py install is deprecated -W ignore:easy_install command is deprecated setup.py egg_info --egg-base ../../build/rover build --build-base /home/urcucla/Documents/URC2526-Programming/JetsonNanoCode/ros2_ws/build/rover/build install --record /home/urcucla/Documents/URC2526-Programming/JetsonNanoCode/ros2_ws/build/rover/install.log --single-version-externally-managed install_data
[5.250s] DEBUG:colcon.colcon_core.event_handler.log_command:Invoked command in '/home/urcucla/Documents/URC2526-Programming/JetsonNanoCode/ros2_ws/src/rover' returned '0': PYTHONPATH=/home/urcucla/Documents/URC2526-Programming/JetsonNanoCode/ros2_ws/build/rover/prefix_override:/usr/lib/python3/dist-packages/colcon_core/task/python/colcon_distutils_commands:/home/urcucla/Documents/URC2526-Programming/JetsonNanoCode/ros2_ws/install/rover/lib/python3.10/site-packages:${PYTHONPATH} /usr/bin/python3 -W ignore:setup.py install is deprecated -W ignore:easy_install command is deprecated setup.py egg_info --egg-base ../../build/rover build --build-base /home/urcucla/Documents/URC2526-Programming/JetsonNanoCode/ros2_ws/build/rover/build install --record /home/urcucla/Documents/URC2526-Programming/JetsonNanoCode/ros2_ws/build/rover/install.log --single-version-externally-managed install_data
[5.279s] Level 1:colcon.colcon_core.environment:checking '/home/urcucla/Documents/URC2526-Programming/JetsonNanoCode/ros2_ws/install/rover' for CMake module files
[5.282s] Level 1:colcon.colcon_core.environment:checking '/home/urcucla/Documents/URC2526-Programming/JetsonNanoCode/ros2_ws/install/rover' for CMake config files
[5.286s] Level 1:colcon.colcon_core.environment:checking '/home/urcucla/Documents/URC2526-Programming/JetsonNanoCode/ros2_ws/install/rover/lib'
[5.287s] Level 1:colcon.colcon_core.environment:checking '/home/urcucla/Documents/URC2526-Programming/JetsonNanoCode/ros2_ws/install/rover/bin'
[5.287s] Level 1:colcon.colcon_core.shell:create_environment_hook('rover', 'path')
[5.289s] INFO:colcon.colcon_core.shell:Creating environment hook '/home/urcucla/Documents/URC2526-Programming/JetsonNanoCode/ros2_ws/install/rover/share/rover/hook/path.ps1'
[5.292s] INFO:colcon.colcon_core.shell:Creating environment descriptor '/home/urcucla/Documents/URC2526-Programming/JetsonNanoCode/ros2_ws/install/rover/share/rover/hook/path.dsv'
[5.293s] INFO:colcon.colcon_core.shell:Creating environment hook '/home/urcucla/Documents/URC2526-Programming/JetsonNanoCode/ros2_ws/install/rover/share/rover/hook/path.sh'
[5.295s] Level 1:colcon.colcon_core.environment:checking '/home/urcucla/Documents/URC2526-Programming/JetsonNanoCode/ros2_ws/install/rover/lib/pkgconfig/rover.pc'
[5.296s] Level 1:colcon.colcon_core.environment:checking '/home/urcucla/Documents/URC2526-Programming/JetsonNanoCode/ros2_ws/install/rover/lib/python3.10/site-packages'
[5.297s] Level 1:colcon.colcon_core.shell:create_environment_hook('rover', 'pythonpath')
[5.298s] INFO:colcon.colcon_core.shell:Creating environment hook '/home/urcucla/Documents/URC2526-Programming/JetsonNanoCode/ros2_ws/install/rover/share/rover/hook/pythonpath.ps1'
[5.299s] INFO:colcon.colcon_core.shell:Creating environment descriptor '/home/urcucla/Documents/URC2526-Programming/JetsonNanoCode/ros2_ws/install/rover/share/rover/hook/pythonpath.dsv'
[5.300s] INFO:colcon.colcon_core.shell:Creating environment hook '/home/urcucla/Documents/URC2526-Programming/JetsonNanoCode/ros2_ws/install/rover/share/rover/hook/pythonpath.sh'
[5.303s] Level 1:colcon.colcon_core.environment:checking '/home/urcucla/Documents/URC2526-Programming/JetsonNanoCode/ros2_ws/install/rover/bin'
[5.303s] Level 1:colcon.colcon_core.shell:create_environment_hook('rover', 'pythonscriptspath')
[5.304s] INFO:colcon.colcon_core.shell:Creating environment hook '/home/urcucla/Documents/URC2526-Programming/JetsonNanoCode/ros2_ws/install/rover/share/rover/hook/pythonscriptspath.ps1'
[5.306s] INFO:colcon.colcon_core.shell:Creating environment descriptor '/home/urcucla/Documents/URC2526-Programming/JetsonNanoCode/ros2_ws/install/rover/share/rover/hook/pythonscriptspath.dsv'
[5.307s] INFO:colcon.colcon_core.shell:Creating environment hook '/home/urcucla/Documents/URC2526-Programming/JetsonNanoCode/ros2_ws/install/rover/share/rover/hook/pythonscriptspath.sh'
[5.309s] Level 1:colcon.colcon_core.environment:create_environment_scripts_only(rover)
[5.310s] INFO:colcon.colcon_core.shell:Creating package script '/home/urcucla/Documents/URC2526-Programming/JetsonNanoCode/ros2_ws/install/rover/share/rover/package.ps1'
[5.320s] INFO:colcon.colcon_core.shell:Creating package descriptor '/home/urcucla/Documents/URC2526-Programming/JetsonNanoCode/ros2_ws/install/rover/share/rover/package.dsv'
[5.323s] INFO:colcon.colcon_core.shell:Creating package script '/home/urcucla/Documents/URC2526-Programming/JetsonNanoCode/ros2_ws/install/rover/share/rover/package.sh'
[5.327s] INFO:colcon.colcon_core.shell:Creating package script '/home/urcucla/Documents/URC2526-Programming/JetsonNanoCode/ros2_ws/install/rover/share/rover/package.bash'
[5.332s] INFO:colcon.colcon_core.shell:Creating package script '/home/urcucla/Documents/URC2526-Programming/JetsonNanoCode/ros2_ws/install/rover/share/rover/package.zsh'
[5.336s] Level 1:colcon.colcon_core.environment:create_file_with_runtime_dependencies(/home/urcucla/Documents/URC2526-Programming/JetsonNanoCode/ros2_ws/install/rover/share/colcon-core/packages/rover)
[5.338s] DEBUG:colcon.colcon_parallel_executor.executor.parallel:closing loop
[5.340s] DEBUG:colcon.colcon_parallel_executor.executor.parallel:loop closed
[5.340s] DEBUG:colcon.colcon_parallel_executor.executor.parallel:run_until_complete finished with '0'
[5.341s] DEBUG:colcon.colcon_core.event_reactor:joining thread
[5.377s] INFO:colcon.colcon_core.plugin_system:Skipping extension 'colcon_notification.desktop_notification.terminal_notifier': Not used on non-Darwin systems
[5.377s] INFO:colcon.colcon_core.plugin_system:Skipping extension 'colcon_notification.desktop_notification.win32': Not used on non-Windows systems
[5.378s] INFO:colcon.colcon_notification.desktop_notification:Sending desktop notification using 'notify2'
[5.449s] DEBUG:colcon.colcon_core.event_reactor:joined thread
[5.452s] INFO:colcon.colcon_core.shell:Creating prefix script '/home/urcucla/Documents/URC2526-Programming/JetsonNanoCode/ros2_ws/install/local_setup.ps1'
[5.464s] INFO:colcon.colcon_core.shell:Creating prefix util module '/home/urcucla/Documents/URC2526-Programming/JetsonNanoCode/ros2_ws/install/_local_setup_util_ps1.py'
[5.514s] INFO:colcon.colcon_core.shell:Creating prefix chain script '/home/urcucla/Documents/URC2526-Programming/JetsonNanoCode/ros2_ws/install/setup.ps1'
[5.523s] INFO:colcon.colcon_core.shell:Creating prefix script '/home/urcucla/Documents/URC2526-Programming/JetsonNanoCode/ros2_ws/install/local_setup.sh'
[5.526s] INFO:colcon.colcon_core.shell:Creating prefix util module '/home/urcucla/Documents/URC2526-Programming/JetsonNanoCode/ros2_ws/install/_local_setup_util_sh.py'
[5.528s] INFO:colcon.colcon_core.shell:Creating prefix chain script '/home/urcucla/Documents/URC2526-Programming/JetsonNanoCode/ros2_ws/install/setup.sh'
[5.579s] INFO:colcon.colcon_core.shell:Creating prefix script '/home/urcucla/Documents/URC2526-Programming/JetsonNanoCode/ros2_ws/install/local_setup.bash'
[5.653s] INFO:colcon.colcon_core.shell:Creating prefix chain script '/home/urcucla/Documents/URC2526-Programming/JetsonNanoCode/ros2_ws/install/setup.bash'
[5.720s] INFO:colcon.colcon_core.shell:Creating prefix script '/home/urcucla/Documents/URC2526-Programming/JetsonNanoCode/ros2_ws/install/local_setup.zsh'
[5.763s] INFO:colcon.colcon_core.shell:Creating prefix chain script '/home/urcucla/Documents/URC2526-Programming/JetsonNanoCode/ros2_ws/install/setup.zsh'
