/home/urcucla/Documents/URC2526-Programming/JetsonNanoCode/ros2_ws/install/rover/lib/python3.10/site-packages/rover/gps_node.py
/home/urcucla/Documents/URC2526-Programming/JetsonNanoCode/ros2_ws/install/rover/lib/python3.10/site-packages/rover/mission_node.py
/home/urcucla/Documents/URC2526-Programming/JetsonNanoCode/ros2_ws/install/rover/lib/python3.10/site-packages/rover/__init__.py
/home/urcucla/Documents/URC2526-Programming/JetsonNanoCode/ros2_ws/install/rover/lib/python3.10/site-packages/rover/serial_bridge_node.py
/home/urcucla/Documents/URC2526-Programming/JetsonNanoCode/ros2_ws/install/rover/lib/python3.10/site-packages/rover/wheel_odom_node.py
/home/urcucla/Documents/URC2526-Programming/JetsonNanoCode/ros2_ws/install/rover/lib/python3.10/site-packages/rover/joystick_node.py
/home/urcucla/Documents/URC2526-Programming/JetsonNanoCode/ros2_ws/install/rover/lib/python3.10/site-packages/rover/__pycache__/gps_node.cpython-310.pyc
/home/urcucla/Documents/URC2526-Programming/JetsonNanoCode/ros2_ws/install/rover/lib/python3.10/site-packages/rover/__pycache__/mission_node.cpython-310.pyc
/home/urcucla/Documents/URC2526-Programming/JetsonNanoCode/ros2_ws/install/rover/lib/python3.10/site-packages/rover/__pycache__/__init__.cpython-310.pyc
/home/urcucla/Documents/URC2526-Programming/JetsonNanoCode/ros2_ws/install/rover/lib/python3.10/site-packages/rover/__pycache__/serial_bridge_node.cpython-310.pyc
/home/urcucla/Documents/URC2526-Programming/JetsonNanoCode/ros2_ws/install/rover/lib/python3.10/site-packages/rover/__pycache__/wheel_odom_node.cpython-310.pyc
/home/urcucla/Documents/URC2526-Programming/JetsonNanoCode/ros2_ws/install/rover/lib/python3.10/site-packages/rover/__pycache__/joystick_node.cpython-310.pyc
/home/urcucla/Documents/URC2526-Programming/JetsonNanoCode/ros2_ws/install/rover/share/ament_index/resource_index/packages/rover
/home/urcucla/Documents/URC2526-Programming/JetsonNanoCode/ros2_ws/install/rover/share/rover/package.xml
/home/urcucla/Documents/URC2526-Programming/JetsonNanoCode/ros2_ws/install/rover/share/rover/launch/rover.launch.py
/home/urcucla/Documents/URC2526-Programming/JetsonNanoCode/ros2_ws/install/rover/share/rover/config/nav2_params.yaml
/home/urcucla/Documents/URC2526-Programming/JetsonNanoCode/ros2_ws/install/rover/share/rover/config/point_lio_l2.yaml
/home/urcucla/Documents/URC2526-Programming/JetsonNanoCode/ros2_ws/install/rover/share/rover/config/ekf.yaml
/home/urcucla/Documents/URC2526-Programming/JetsonNanoCode/ros2_ws/install/rover/lib/python3.10/site-packages/rover-0.0.1-py3.10.egg-info/zip-safe
/home/urcucla/Documents/URC2526-Programming/JetsonNanoCode/ros2_ws/install/rover/lib/python3.10/site-packages/rover-0.0.1-py3.10.egg-info/PKG-INFO
/home/urcucla/Documents/URC2526-Programming/JetsonNanoCode/ros2_ws/install/rover/lib/python3.10/site-packages/rover-0.0.1-py3.10.egg-info/requires.txt
/home/urcucla/Documents/URC2526-Programming/JetsonNanoCode/ros2_ws/install/rover/lib/python3.10/site-packages/rover-0.0.1-py3.10.egg-info/entry_points.txt
/home/urcucla/Documents/URC2526-Programming/JetsonNanoCode/ros2_ws/install/rover/lib/python3.10/site-packages/rover-0.0.1-py3.10.egg-info/SOURCES.txt
/home/urcucla/Documents/URC2526-Programming/JetsonNanoCode/ros2_ws/install/rover/lib/python3.10/site-packages/rover-0.0.1-py3.10.egg-info/top_level.txt
/home/urcucla/Documents/URC2526-Programming/JetsonNanoCode/ros2_ws/install/rover/lib/python3.10/site-packages/rover-0.0.1-py3.10.egg-info/dependency_links.txt
/home/urcucla/Documents/URC2526-Programming/JetsonNanoCode/ros2_ws/install/rover/bin/gps_node
/home/urcucla/Documents/URC2526-Programming/JetsonNanoCode/ros2_ws/install/rover/bin/joystick_node
/home/urcucla/Documents/URC2526-Programming/JetsonNanoCode/ros2_ws/install/rover/bin/mission_node
/home/urcucla/Documents/URC2526-Programming/JetsonNanoCode/ros2_ws/install/rover/bin/serial_bridge_node
/home/urcucla/Documents/URC2526-Programming/JetsonNanoCode/ros2_ws/install/rover/bin/wheel_odom_node
